// Jest Snapshot v1, https://goo.gl/fbAQLP

exports[`Login Render Login component 1`] = `ReactWrapper {}`;
